../Core/Src/main.c:143:6:CW_Motor_L	8	static
../Core/Src/main.c:147:6:CW_Motor_R	8	static
../Core/Src/main.c:151:6:CCW_Motor_L	8	static
../Core/Src/main.c:155:6:CCW_Motor_R	8	static
../Core/Src/main.c:159:6:stop_Motor_L	8	static
../Core/Src/main.c:163:6:stop_Motor_R	8	static
../Core/Src/main.c:169:6:HAL_TIM_PeriodElapsedCallback	16	static
../Core/Src/main.c:185:5:main	8	static
../Core/Src/main.c:239:6:SystemClock_Config	88	static
../Core/Src/main.c:286:13:MX_ADC1_Init	24	static
../Core/Src/main.c:369:13:MX_TIM1_Init	56	static
../Core/Src/main.c:419:13:MX_TIM2_Init	32	static
../Core/Src/main.c:464:13:MX_TIM3_Init	56	static
../Core/Src/main.c:513:13:MX_TIM4_Init	48	static
../Core/Src/main.c:564:13:MX_DMA_Init	16	static
../Core/Src/main.c:582:13:MX_GPIO_Init	40	static
../Core/Src/main.c:635:6:Error_Handler	4	static,ignoring_inline_asm
