../Core/Src/main.c:104:6:HAL_TIM_PeriodElapsedCallback	24	static
../Core/Src/main.c:213:5:main	8	static
../Core/Src/main.c:267:6:SystemClock_Config	88	static
../Core/Src/main.c:314:13:MX_ADC1_Init	24	static
../Core/Src/main.c:397:13:MX_TIM1_Init	56	static
../Core/Src/main.c:447:13:MX_TIM2_Init	32	static
../Core/Src/main.c:492:13:MX_TIM3_Init	56	static
../Core/Src/main.c:541:13:MX_TIM4_Init	48	static
../Core/Src/main.c:592:13:MX_DMA_Init	16	static
../Core/Src/main.c:610:13:MX_GPIO_Init	40	static
../Core/Src/main.c:663:6:Error_Handler	4	static,ignoring_inline_asm
